// Jest Snapshot v1, https://goo.gl/fbAQLP

exports[`HomeContainer is rendered 1`] = `
<div
  className="home-container"
>
  <_default
    showPopup={[Function]}
  />
  <_default
    hidePopup={[Function]}
    isPopupActive={false}
  />
  <_default />
</div>
`;
